[1.313s] Invoking command in '/home/jwk11/ECE470Labs/lab_files/build/ece470labs': DEBUGINFOD_URLS=https://debuginfod.ubuntu.com PYTHONPATH=/home/jwk11/ECE470Labs/lab_files/build/ece470labs/prefix_override:/usr/lib/python3/dist-packages/colcon_core/task/python/colcon_distutils_commands:/home/jwk11/ECE470Labs/lab_files/install/ece470labs/lib/python3.12/site-packages: /usr/bin/python3 -W ignore:setup.py install is deprecated -W ignore:easy_install command is deprecated setup.py develop --editable --build-directory /home/jwk11/ECE470Labs/lab_files/build/ece470labs/build --no-deps symlink_data
[1.687s] running develop
[1.821s] running egg_info
[1.821s] creating ece470labs.egg-info
[1.834s] writing ece470labs.egg-info/PKG-INFO
[1.835s] writing dependency_links to ece470labs.egg-info/dependency_links.txt
[1.836s] writing entry points to ece470labs.egg-info/entry_points.txt
[1.836s] writing requirements to ece470labs.egg-info/requires.txt
[1.836s] writing top-level names to ece470labs.egg-info/top_level.txt
[1.836s] writing manifest file 'ece470labs.egg-info/SOURCES.txt'
[1.867s] reading manifest file 'ece470labs.egg-info/SOURCES.txt'
[1.867s] writing manifest file 'ece470labs.egg-info/SOURCES.txt'
[1.890s] running build_ext
[1.891s] Creating /home/jwk11/ECE470Labs/lab_files/install/ece470labs/lib/python3.12/site-packages/ece470labs.egg-link (link to .)
[1.891s] Installing lab2_exec script to /home/jwk11/ECE470Labs/lab_files/install/ece470labs/lib/ece470labs
[1.891s] Installing lab3_exec script to /home/jwk11/ECE470Labs/lab_files/install/ece470labs/lib/ece470labs
[1.892s] Installing lab4_exec script to /home/jwk11/ECE470Labs/lab_files/install/ece470labs/lib/ece470labs
[1.892s] Installing lab5_exec script to /home/jwk11/ECE470Labs/lab_files/install/ece470labs/lib/ece470labs
[1.892s] 
[1.892s] Installed /home/jwk11/ECE470Labs/lab_files/build/ece470labs
[1.892s] running symlink_data
[1.892s] creating /home/jwk11/ECE470Labs/lab_files/install/ece470labs/share/ament_index
[1.892s] creating /home/jwk11/ECE470Labs/lab_files/install/ece470labs/share/ament_index/resource_index
[1.892s] creating /home/jwk11/ECE470Labs/lab_files/install/ece470labs/share/ament_index/resource_index/packages
[1.892s] symbolically linking /home/jwk11/ECE470Labs/lab_files/build/ece470labs/resource/ece470labs -> /home/jwk11/ECE470Labs/lab_files/install/ece470labs/share/ament_index/resource_index/packages
[1.892s] symbolically linking /home/jwk11/ECE470Labs/lab_files/build/ece470labs/package.xml -> /home/jwk11/ECE470Labs/lab_files/install/ece470labs/share/ece470labs
[1.929s] Invoked command in '/home/jwk11/ECE470Labs/lab_files/build/ece470labs' returned '0': DEBUGINFOD_URLS=https://debuginfod.ubuntu.com PYTHONPATH=/home/jwk11/ECE470Labs/lab_files/build/ece470labs/prefix_override:/usr/lib/python3/dist-packages/colcon_core/task/python/colcon_distutils_commands:/home/jwk11/ECE470Labs/lab_files/install/ece470labs/lib/python3.12/site-packages: /usr/bin/python3 -W ignore:setup.py install is deprecated -W ignore:easy_install command is deprecated setup.py develop --editable --build-directory /home/jwk11/ECE470Labs/lab_files/build/ece470labs/build --no-deps symlink_data
