[0.109s] DEBUG:colcon:Command line arguments: ['/usr/bin/colcon', 'build', '--symlink-install']
[0.109s] DEBUG:colcon:Parsed command line arguments: Namespace(log_base=None, log_level=None, verb_name='build', build_base='build', install_base='install', merge_install=False, symlink_install=True, test_result_base=None, continue_on_error=False, executor='parallel', parallel_workers=12, event_handlers=None, ignore_user_meta=False, metas=['./colcon.meta'], base_paths=['.'], packages_ignore=None, packages_ignore_regex=None, paths=None, packages_up_to=None, packages_up_to_regex=None, packages_above=None, packages_above_and_dependencies=None, packages_above_depth=None, packages_select_by_dep=None, packages_skip_by_dep=None, packages_skip_up_to=None, packages_select_build_failed=False, packages_skip_build_finished=False, packages_select_test_failures=False, packages_skip_test_passed=False, packages_select=None, packages_skip=None, packages_select_regex=None, packages_skip_regex=None, packages_start=None, packages_end=None, allow_overriding=[], cmake_args=None, cmake_target=None, cmake_target_skip_unavailable=False, cmake_clean_cache=False, cmake_clean_first=False, cmake_force_configure=False, ament_cmake_args=None, catkin_cmake_args=None, catkin_skip_building_tests=False, mixin_files=None, mixin=None, verb_parser=<colcon_mixin.mixin.mixin_argument.MixinArgumentDecorator object at 0x77aac4c9a330>, verb_extension=<colcon_core.verb.build.BuildVerb object at 0x77aac4c9a0f0>, main=<bound method BuildVerb.main of <colcon_core.verb.build.BuildVerb object at 0x77aac4c9a0f0>>, mixin_verb=('build',))
[0.257s] Level 1:colcon.colcon_core.package_discovery:discover_packages(colcon_meta) check parameters
[0.257s] Level 1:colcon.colcon_core.package_discovery:discover_packages(recursive) check parameters
[0.257s] Level 1:colcon.colcon_core.package_discovery:discover_packages(ignore) check parameters
[0.257s] Level 1:colcon.colcon_core.package_discovery:discover_packages(path) check parameters
[0.257s] Level 1:colcon.colcon_core.package_discovery:discover_packages(colcon_meta) discover
[0.257s] Level 1:colcon.colcon_core.package_discovery:discover_packages(recursive) discover
[0.257s] INFO:colcon.colcon_core.package_discovery:Crawling recursively for packages in '/home/jwk11/ECE470Labs/lab_files'
[0.257s] Level 1:colcon.colcon_core.package_identification:_identify(.) by extensions ['ignore', 'ignore_ament_install']
[0.257s] Level 1:colcon.colcon_core.package_identification:_identify(.) by extension 'ignore'
[0.257s] Level 1:colcon.colcon_core.package_identification:_identify(.) by extension 'ignore_ament_install'
[0.257s] Level 1:colcon.colcon_core.package_identification:_identify(.) by extensions ['colcon_pkg']
[0.257s] Level 1:colcon.colcon_core.package_identification:_identify(.) by extension 'colcon_pkg'
[0.257s] Level 1:colcon.colcon_core.package_identification:_identify(.) by extensions ['colcon_meta']
[0.257s] Level 1:colcon.colcon_core.package_identification:_identify(.) by extension 'colcon_meta'
[0.257s] Level 1:colcon.colcon_core.package_identification:_identify(.) by extensions ['ros']
[0.257s] Level 1:colcon.colcon_core.package_identification:_identify(.) by extension 'ros'
[0.280s] Level 1:colcon.colcon_core.package_identification:_identify(.) by extensions ['cmake', 'python']
[0.281s] Level 1:colcon.colcon_core.package_identification:_identify(.) by extension 'cmake'
[0.281s] Level 1:colcon.colcon_core.package_identification:_identify(.) by extension 'python'
[0.281s] Level 1:colcon.colcon_core.package_identification:_identify(.) by extensions ['python_setup_py']
[0.281s] Level 1:colcon.colcon_core.package_identification:_identify(.) by extension 'python_setup_py'
[0.281s] Level 1:colcon.colcon_core.package_identification:_identify(build) by extensions ['ignore', 'ignore_ament_install']
[0.281s] Level 1:colcon.colcon_core.package_identification:_identify(build) by extension 'ignore'
[0.281s] Level 1:colcon.colcon_core.package_identification:_identify(build) ignored
[0.281s] Level 1:colcon.colcon_core.package_identification:_identify(install) by extensions ['ignore', 'ignore_ament_install']
[0.281s] Level 1:colcon.colcon_core.package_identification:_identify(install) by extension 'ignore'
[0.281s] Level 1:colcon.colcon_core.package_identification:_identify(install) ignored
[0.281s] Level 1:colcon.colcon_core.package_identification:_identify(log) by extensions ['ignore', 'ignore_ament_install']
[0.281s] Level 1:colcon.colcon_core.package_identification:_identify(log) by extension 'ignore'
[0.281s] Level 1:colcon.colcon_core.package_identification:_identify(log) ignored
[0.281s] Level 1:colcon.colcon_core.package_identification:_identify(src) by extensions ['ignore', 'ignore_ament_install']
[0.281s] Level 1:colcon.colcon_core.package_identification:_identify(src) by extension 'ignore'
[0.281s] Level 1:colcon.colcon_core.package_identification:_identify(src) by extension 'ignore_ament_install'
[0.281s] Level 1:colcon.colcon_core.package_identification:_identify(src) by extensions ['colcon_pkg']
[0.282s] Level 1:colcon.colcon_core.package_identification:_identify(src) by extension 'colcon_pkg'
[0.282s] Level 1:colcon.colcon_core.package_identification:_identify(src) by extensions ['colcon_meta']
[0.282s] Level 1:colcon.colcon_core.package_identification:_identify(src) by extension 'colcon_meta'
[0.282s] Level 1:colcon.colcon_core.package_identification:_identify(src) by extensions ['ros']
[0.282s] Level 1:colcon.colcon_core.package_identification:_identify(src) by extension 'ros'
[0.282s] Level 1:colcon.colcon_core.package_identification:_identify(src) by extensions ['cmake', 'python']
[0.282s] Level 1:colcon.colcon_core.package_identification:_identify(src) by extension 'cmake'
[0.282s] Level 1:colcon.colcon_core.package_identification:_identify(src) by extension 'python'
[0.282s] Level 1:colcon.colcon_core.package_identification:_identify(src) by extensions ['python_setup_py']
[0.282s] Level 1:colcon.colcon_core.package_identification:_identify(src) by extension 'python_setup_py'
[0.282s] Level 1:colcon.colcon_core.package_identification:_identify(src/ece470labs) by extensions ['ignore', 'ignore_ament_install']
[0.282s] Level 1:colcon.colcon_core.package_identification:_identify(src/ece470labs) by extension 'ignore'
[0.282s] Level 1:colcon.colcon_core.package_identification:_identify(src/ece470labs) by extension 'ignore_ament_install'
[0.282s] Level 1:colcon.colcon_core.package_identification:_identify(src/ece470labs) by extensions ['colcon_pkg']
[0.282s] Level 1:colcon.colcon_core.package_identification:_identify(src/ece470labs) by extension 'colcon_pkg'
[0.282s] Level 1:colcon.colcon_core.package_identification:_identify(src/ece470labs) by extensions ['colcon_meta']
[0.282s] Level 1:colcon.colcon_core.package_identification:_identify(src/ece470labs) by extension 'colcon_meta'
[0.282s] Level 1:colcon.colcon_core.package_identification:_identify(src/ece470labs) by extensions ['ros']
[0.282s] Level 1:colcon.colcon_core.package_identification:_identify(src/ece470labs) by extension 'ros'
[0.287s] DEBUG:colcon.colcon_core.package_identification:Package 'src/ece470labs' with type 'ros.ament_python' and name 'ece470labs'
[0.288s] Level 1:colcon.colcon_core.package_discovery:discover_packages(recursive) using defaults
[0.288s] Level 1:colcon.colcon_core.package_discovery:discover_packages(ignore) discover
[0.288s] Level 1:colcon.colcon_core.package_discovery:discover_packages(ignore) using defaults
[0.288s] Level 1:colcon.colcon_core.package_discovery:discover_packages(path) discover
[0.288s] Level 1:colcon.colcon_core.package_discovery:discover_packages(path) using defaults
[0.305s] Level 1:colcon.colcon_core.package_discovery:discover_packages(prefix_path) check parameters
[0.305s] Level 1:colcon.colcon_core.package_discovery:discover_packages(prefix_path) discover
[0.307s] Level 1:colcon.colcon_core.package_discovery:discover_packages(prefix_path) using defaults
[0.307s] Level 5:colcon.colcon_core.verb:set package 'ece470labs' build argument 'cmake_args' from command line to 'None'
[0.307s] Level 5:colcon.colcon_core.verb:set package 'ece470labs' build argument 'cmake_target' from command line to 'None'
[0.307s] Level 5:colcon.colcon_core.verb:set package 'ece470labs' build argument 'cmake_target_skip_unavailable' from command line to 'False'
[0.308s] Level 5:colcon.colcon_core.verb:set package 'ece470labs' build argument 'cmake_clean_cache' from command line to 'False'
[0.308s] Level 5:colcon.colcon_core.verb:set package 'ece470labs' build argument 'cmake_clean_first' from command line to 'False'
[0.308s] Level 5:colcon.colcon_core.verb:set package 'ece470labs' build argument 'cmake_force_configure' from command line to 'False'
[0.308s] Level 5:colcon.colcon_core.verb:set package 'ece470labs' build argument 'ament_cmake_args' from command line to 'None'
[0.308s] Level 5:colcon.colcon_core.verb:set package 'ece470labs' build argument 'catkin_cmake_args' from command line to 'None'
[0.308s] Level 5:colcon.colcon_core.verb:set package 'ece470labs' build argument 'catkin_skip_building_tests' from command line to 'False'
[0.308s] DEBUG:colcon.colcon_core.verb:Building package 'ece470labs' with the following arguments: {'ament_cmake_args': None, 'build_base': '/home/jwk11/ECE470Labs/lab_files/build/ece470labs', 'catkin_cmake_args': None, 'catkin_skip_building_tests': False, 'cmake_args': None, 'cmake_clean_cache': False, 'cmake_clean_first': False, 'cmake_force_configure': False, 'cmake_target': None, 'cmake_target_skip_unavailable': False, 'install_base': '/home/jwk11/ECE470Labs/lab_files/install/ece470labs', 'merge_install': False, 'path': '/home/jwk11/ECE470Labs/lab_files/src/ece470labs', 'symlink_install': True, 'test_result_base': None}
[0.308s] INFO:colcon.colcon_core.executor:Executing jobs using 'parallel' executor
[0.309s] DEBUG:colcon.colcon_parallel_executor.executor.parallel:run_until_complete
[0.309s] INFO:colcon.colcon_ros.task.ament_python.build:Building ROS package in '/home/jwk11/ECE470Labs/lab_files/src/ece470labs' with build type 'ament_python'
[0.309s] Level 1:colcon.colcon_core.shell:create_environment_hook('ece470labs', 'ament_prefix_path')
[0.311s] INFO:colcon.colcon_core.plugin_system:Skipping extension 'colcon_core.shell.bat': Not used on non-Windows systems
[0.311s] INFO:colcon.colcon_core.shell:Creating environment hook '/home/jwk11/ECE470Labs/lab_files/install/ece470labs/share/ece470labs/hook/ament_prefix_path.ps1'
[0.312s] INFO:colcon.colcon_core.shell:Creating environment descriptor '/home/jwk11/ECE470Labs/lab_files/install/ece470labs/share/ece470labs/hook/ament_prefix_path.dsv'
[0.312s] INFO:colcon.colcon_core.shell:Creating environment hook '/home/jwk11/ECE470Labs/lab_files/install/ece470labs/share/ece470labs/hook/ament_prefix_path.sh'
[0.313s] INFO:colcon.colcon_core.shell:Skip shell extension 'powershell' for command environment: Not usable outside of PowerShell
[0.313s] DEBUG:colcon.colcon_core.shell:Skip shell extension 'dsv' for command environment
[0.603s] INFO:colcon.colcon_core.task.python.build:Building Python package in '/home/jwk11/ECE470Labs/lab_files/src/ece470labs'
[0.604s] INFO:colcon.colcon_core.shell:Skip shell extension 'powershell' for command environment: Not usable outside of PowerShell
[0.604s] DEBUG:colcon.colcon_core.shell:Skip shell extension 'dsv' for command environment
[1.228s] DEBUG:colcon.colcon_core.task.python.build:Available setuptools commands: bdist_rpm, upload, extract_messages, clean, register, install_data, upload_docs, build_clib, bdist_dumb, check, symlink_data, build_py, install_headers, easy_install, saveopts, build_ext, build, egg_info, install, sdist, install_lib, develop, install_egg_info, build_scripts, rotate, bdist_egg, init_catalog, update_catalog, install_scripts, compile_catalog, bdist_wheel, editable_wheel, dist_info, test, alias, setopt, bdist
[1.618s] DEBUG:colcon.colcon_core.task.python.build:Available setuptools 'develop' options: --prefix, --quiet, --version, --egg-path, --always-copy, --exclude-scripts, --zip-ok, --no-find-links, --editable, --dry-run, --install-layout, --index-url, --find-links, --script-dir, --always-unzip, --force-installation-into-system-dir, --user, --site-dirs, --local-snapshots-ok, --help, --uninstall, --optimize, --verbose, --upgrade, --allow-hosts, --record, --no-user-cfg, --multi-version, --no-deps, --build-directory, --install-dir
[1.622s] DEBUG:colcon.colcon_core.event_handler.log_command:Invoking command in '/home/jwk11/ECE470Labs/lab_files/build/ece470labs': DEBUGINFOD_URLS=https://debuginfod.ubuntu.com PYTHONPATH=/home/jwk11/ECE470Labs/lab_files/build/ece470labs/prefix_override:/usr/lib/python3/dist-packages/colcon_core/task/python/colcon_distutils_commands:/home/jwk11/ECE470Labs/lab_files/install/ece470labs/lib/python3.12/site-packages: /usr/bin/python3 -W ignore:setup.py install is deprecated -W ignore:easy_install command is deprecated setup.py develop --editable --build-directory /home/jwk11/ECE470Labs/lab_files/build/ece470labs/build --no-deps symlink_data
[2.238s] Level 1:colcon.colcon_core.shell:create_environment_hook('ece470labs', 'pythonpath_develop')
[2.238s] INFO:colcon.colcon_core.shell:Creating environment hook '/home/jwk11/ECE470Labs/lab_files/build/ece470labs/share/ece470labs/hook/pythonpath_develop.ps1'
[2.238s] DEBUG:colcon.colcon_core.event_handler.log_command:Invoked command in '/home/jwk11/ECE470Labs/lab_files/build/ece470labs' returned '0': DEBUGINFOD_URLS=https://debuginfod.ubuntu.com PYTHONPATH=/home/jwk11/ECE470Labs/lab_files/build/ece470labs/prefix_override:/usr/lib/python3/dist-packages/colcon_core/task/python/colcon_distutils_commands:/home/jwk11/ECE470Labs/lab_files/install/ece470labs/lib/python3.12/site-packages: /usr/bin/python3 -W ignore:setup.py install is deprecated -W ignore:easy_install command is deprecated setup.py develop --editable --build-directory /home/jwk11/ECE470Labs/lab_files/build/ece470labs/build --no-deps symlink_data
[2.239s] INFO:colcon.colcon_core.shell:Creating environment descriptor '/home/jwk11/ECE470Labs/lab_files/build/ece470labs/share/ece470labs/hook/pythonpath_develop.dsv'
[2.239s] INFO:colcon.colcon_core.shell:Creating environment hook '/home/jwk11/ECE470Labs/lab_files/build/ece470labs/share/ece470labs/hook/pythonpath_develop.sh'
[2.242s] Level 1:colcon.colcon_core.environment:checking '/home/jwk11/ECE470Labs/lab_files/install/ece470labs' for CMake module files
[2.242s] Level 1:colcon.colcon_core.environment:checking '/home/jwk11/ECE470Labs/lab_files/install/ece470labs' for CMake config files
[2.243s] Level 1:colcon.colcon_core.environment:checking '/home/jwk11/ECE470Labs/lab_files/install/ece470labs/lib'
[2.243s] Level 1:colcon.colcon_core.environment:checking '/home/jwk11/ECE470Labs/lab_files/install/ece470labs/bin'
[2.243s] Level 1:colcon.colcon_core.environment:checking '/home/jwk11/ECE470Labs/lab_files/install/ece470labs/lib/pkgconfig/ece470labs.pc'
[2.243s] Level 1:colcon.colcon_core.environment:checking '/home/jwk11/ECE470Labs/lab_files/install/ece470labs/lib/python3.12/site-packages'
[2.243s] Level 1:colcon.colcon_core.shell:create_environment_hook('ece470labs', 'pythonpath')
[2.243s] INFO:colcon.colcon_core.shell:Creating environment hook '/home/jwk11/ECE470Labs/lab_files/install/ece470labs/share/ece470labs/hook/pythonpath.ps1'
[2.244s] INFO:colcon.colcon_core.shell:Creating environment descriptor '/home/jwk11/ECE470Labs/lab_files/install/ece470labs/share/ece470labs/hook/pythonpath.dsv'
[2.244s] INFO:colcon.colcon_core.shell:Creating environment hook '/home/jwk11/ECE470Labs/lab_files/install/ece470labs/share/ece470labs/hook/pythonpath.sh'
[2.245s] Level 1:colcon.colcon_core.environment:checking '/home/jwk11/ECE470Labs/lab_files/install/ece470labs/bin'
[2.245s] Level 1:colcon.colcon_core.environment:create_environment_scripts_only(ece470labs)
[2.246s] INFO:colcon.colcon_core.shell:Creating package script '/home/jwk11/ECE470Labs/lab_files/install/ece470labs/share/ece470labs/package.ps1'
[2.246s] INFO:colcon.colcon_core.shell:Creating package descriptor '/home/jwk11/ECE470Labs/lab_files/install/ece470labs/share/ece470labs/package.dsv'
[2.247s] INFO:colcon.colcon_core.shell:Creating package script '/home/jwk11/ECE470Labs/lab_files/install/ece470labs/share/ece470labs/package.sh'
[2.248s] INFO:colcon.colcon_core.shell:Creating package script '/home/jwk11/ECE470Labs/lab_files/install/ece470labs/share/ece470labs/package.bash'
[2.248s] INFO:colcon.colcon_core.shell:Creating package script '/home/jwk11/ECE470Labs/lab_files/install/ece470labs/share/ece470labs/package.zsh'
[2.249s] Level 1:colcon.colcon_core.environment:create_file_with_runtime_dependencies(/home/jwk11/ECE470Labs/lab_files/install/ece470labs/share/colcon-core/packages/ece470labs)
[2.249s] DEBUG:colcon.colcon_parallel_executor.executor.parallel:closing loop
[2.250s] DEBUG:colcon.colcon_parallel_executor.executor.parallel:loop closed
[2.250s] DEBUG:colcon.colcon_parallel_executor.executor.parallel:run_until_complete finished with '0'
[2.250s] DEBUG:colcon.colcon_core.event_reactor:joining thread
[2.256s] INFO:colcon.colcon_core.plugin_system:Skipping extension 'colcon_notification.desktop_notification.terminal_notifier': Not used on non-Darwin systems
[2.256s] INFO:colcon.colcon_core.plugin_system:Skipping extension 'colcon_notification.desktop_notification.win32': Not used on non-Windows systems
[2.256s] INFO:colcon.colcon_notification.desktop_notification:Sending desktop notification using 'notify2'
[2.279s] DEBUG:colcon.colcon_core.event_reactor:joined thread
[2.280s] INFO:colcon.colcon_core.shell:Creating prefix script '/home/jwk11/ECE470Labs/lab_files/install/local_setup.ps1'
[2.281s] INFO:colcon.colcon_core.shell:Creating prefix util module '/home/jwk11/ECE470Labs/lab_files/install/_local_setup_util_ps1.py'
[2.281s] INFO:colcon.colcon_core.shell:Creating prefix chain script '/home/jwk11/ECE470Labs/lab_files/install/setup.ps1'
[2.282s] INFO:colcon.colcon_core.shell:Creating prefix script '/home/jwk11/ECE470Labs/lab_files/install/local_setup.sh'
[2.283s] INFO:colcon.colcon_core.shell:Creating prefix util module '/home/jwk11/ECE470Labs/lab_files/install/_local_setup_util_sh.py'
[2.283s] INFO:colcon.colcon_core.shell:Creating prefix chain script '/home/jwk11/ECE470Labs/lab_files/install/setup.sh'
[2.284s] INFO:colcon.colcon_core.shell:Creating prefix script '/home/jwk11/ECE470Labs/lab_files/install/local_setup.bash'
[2.284s] INFO:colcon.colcon_core.shell:Creating prefix chain script '/home/jwk11/ECE470Labs/lab_files/install/setup.bash'
[2.285s] INFO:colcon.colcon_core.shell:Creating prefix script '/home/jwk11/ECE470Labs/lab_files/install/local_setup.zsh'
[2.285s] INFO:colcon.colcon_core.shell:Creating prefix chain script '/home/jwk11/ECE470Labs/lab_files/install/setup.zsh'
